eeschema (2013-02-27 BZR 3976)-stable  >> Creation date: 07/03/2013 02:49:37
#Cmp ( order = Reference )
| AUX1       CONN_3      
| BT1        CONN_4      
| BTN1       PUSH_BUTTON4
| BTN_RST1   PUSH_BUTTON4
| C2         105         
| C3         4.7mF       
| C4         4.7mF       
| C5         C           
| C6         103         
| C7         220         
| C8         104         
| C9         104         
| C10        220         
| C11        104         
| C12        104         
| D1         DIODESCH    
| D2         GREEN       
| D3         BLUE        
| D4         GREEN       
| D5         RED         
| D6         WHITE       
| D7         WHITE       
| D8         WHITE       
| D9         WHITE       
| D10        RED         
| D11        DIODE       
| D12        DIODE       
| D13        DIODE       
| D14        DIODE       
| D15        DIODE       
| D16        DIODE       
| D17        DIODE       
| D18        DIODE       
| D19        DIODE       
| GROVE1     CONN_4      
| IC1        ATMEGA8-P   
| JP1        JUMPER      
| L1         INDUCTOR    
| L2         INDUCTOR    
| MOT1       CONN_2      
| MOT2       CONN_2      
| P1         CONN_2      
| P2         CONN_3X2    
| PING1      CONN_3      
| Q1         NPN         
| R1         200         
| R2         140         
| R3         200         
| R4         220         
| R5         R           
| R6         140         
| R7         140         
| R8         140         
| R9         220         
| R10        10K         
| R11        10K         
| R12        10K         
| R13        10K         
| R14        10K         
| R15        330         
| R16        180         
| RV1        POT         
| SP1        SPEAKER     
| SW1        SWITCH_6PIN 
| TH1        PHOTORESISTOR
| U1         74HC595     
| U2         L293NE      
| X1         CRYSTAL     
#End Cmp

#Cmp ( order = Value )
| CONN_3       AUX1      
| CONN_4       BT1       
| PUSH_BUTTON4 BTN1      
| 4.7mF        C3        
| 4.7mF        C4        
| 103          C6        
| 104          C8        
| 104          C9        
| 104          C11       
| 104          C12       
| 105          C2        
| 220          C7        
| 220          C10       
| C            C5        
| DIODESCH     D1        
| GREEN        D2        
| BLUE         D3        
| GREEN        D4        
| RED          D5        
| WHITE        D6        
| WHITE        D7        
| WHITE        D8        
| WHITE        D9        
| RED          D10       
| DIODE        D11       
| DIODE        D12       
| DIODE        D13       
| DIODE        D14       
| DIODE        D15       
| DIODE        D16       
| DIODE        D17       
| DIODE        D18       
| DIODE        D19       
| CONN_4       GROVE1    
| ATMEGA8-P    IC1       
| JUMPER       JP1       
| INDUCTOR     L1        
| INDUCTOR     L2        
| CONN_2       MOT1      
| CONN_2       MOT2      
| CONN_2       P1        
| CONN_3X2     P2        
| CONN_3       PING1     
| NPN          Q1        
| 140          R2        
| 140          R6        
| 140          R7        
| 140          R8        
| 180          R16       
| 200          R1        
| 200          R3        
| 220          R4        
| 220          R9        
| 330          R15       
| 10K          R10       
| 10K          R11       
| 10K          R12       
| 10K          R13       
| 10K          R14       
| R            R5        
| POT          RV1       
| SPEAKER      SP1       
| SWITCH_6PIN  SW1       
| PHOTORESISTOR TH1       
| L293NE       U2        
| 74HC595      U1        
| CRYSTAL      X1        
| PUSH_BUTTON4 BTN_RST1  
#End Cmp

#End List
